../Libraries/STM32F10x_StdPeriph_Driver/src/stm32f10x_usart.c:129:6:USART_DeInit	16	static
../Libraries/STM32F10x_StdPeriph_Driver/src/stm32f10x_usart.c:175:6:USART_Init	56	static
../Libraries/STM32F10x_StdPeriph_Driver/src/stm32f10x_usart.c:280:6:USART_StructInit	16	static
../Libraries/STM32F10x_StdPeriph_Driver/src/stm32f10x_usart.c:301:6:USART_ClockInit	24	static
../Libraries/STM32F10x_StdPeriph_Driver/src/stm32f10x_usart.c:332:6:USART_ClockStructInit	16	static
../Libraries/STM32F10x_StdPeriph_Driver/src/stm32f10x_usart.c:350:6:USART_Cmd	16	static
../Libraries/STM32F10x_StdPeriph_Driver/src/stm32f10x_usart.c:387:6:USART_ITConfig	32	static
../Libraries/STM32F10x_StdPeriph_Driver/src/stm32f10x_usart.c:447:6:USART_DMACmd	16	static
../Libraries/STM32F10x_StdPeriph_Driver/src/stm32f10x_usart.c:475:6:USART_SetAddress	16	static
../Libraries/STM32F10x_StdPeriph_Driver/src/stm32f10x_usart.c:498:6:USART_WakeUpConfig	16	static
../Libraries/STM32F10x_StdPeriph_Driver/src/stm32f10x_usart.c:517:6:USART_ReceiverWakeUpCmd	16	static
../Libraries/STM32F10x_StdPeriph_Driver/src/stm32f10x_usart.c:546:6:USART_LINBreakDetectLengthConfig	16	static
../Libraries/STM32F10x_StdPeriph_Driver/src/stm32f10x_usart.c:565:6:USART_LINCmd	16	static
../Libraries/STM32F10x_StdPeriph_Driver/src/stm32f10x_usart.c:591:6:USART_SendData	16	static
../Libraries/STM32F10x_StdPeriph_Driver/src/stm32f10x_usart.c:608:10:USART_ReceiveData	16	static
../Libraries/STM32F10x_StdPeriph_Driver/src/stm32f10x_usart.c:624:6:USART_SendBreak	16	static
../Libraries/STM32F10x_StdPeriph_Driver/src/stm32f10x_usart.c:640:6:USART_SetGuardTime	16	static
../Libraries/STM32F10x_StdPeriph_Driver/src/stm32f10x_usart.c:660:6:USART_SetPrescaler	16	static
../Libraries/STM32F10x_StdPeriph_Driver/src/stm32f10x_usart.c:679:6:USART_SmartCardCmd	16	static
../Libraries/STM32F10x_StdPeriph_Driver/src/stm32f10x_usart.c:704:6:USART_SmartCardNACKCmd	16	static
../Libraries/STM32F10x_StdPeriph_Driver/src/stm32f10x_usart.c:730:6:USART_HalfDuplexCmd	16	static
../Libraries/STM32F10x_StdPeriph_Driver/src/stm32f10x_usart.c:761:6:USART_OverSampling8Cmd	16	static
../Libraries/STM32F10x_StdPeriph_Driver/src/stm32f10x_usart.c:788:6:USART_OneBitMethodCmd	16	static
../Libraries/STM32F10x_StdPeriph_Driver/src/stm32f10x_usart.c:817:6:USART_IrDAConfig	16	static
../Libraries/STM32F10x_StdPeriph_Driver/src/stm32f10x_usart.c:836:6:USART_IrDACmd	16	static
../Libraries/STM32F10x_StdPeriph_Driver/src/stm32f10x_usart.c:873:12:USART_GetFlagStatus	24	static
../Libraries/STM32F10x_StdPeriph_Driver/src/stm32f10x_usart.c:922:6:USART_ClearFlag	16	static
../Libraries/STM32F10x_StdPeriph_Driver/src/stm32f10x_usart.c:956:10:USART_GetITStatus	32	static
../Libraries/STM32F10x_StdPeriph_Driver/src/stm32f10x_usart.c:1030:6:USART_ClearITPendingBit	24	static
