../Libraries/STM32F10x_StdPeriph_Driver/src/stm32f10x_fsmc.c:101:6:FSMC_NORSRAMDeInit	16	static
../Libraries/STM32F10x_StdPeriph_Driver/src/stm32f10x_fsmc.c:128:6:FSMC_NANDDeInit	16	static
../Libraries/STM32F10x_StdPeriph_Driver/src/stm32f10x_fsmc.c:157:6:FSMC_PCCARDDeInit	4	static
../Libraries/STM32F10x_StdPeriph_Driver/src/stm32f10x_fsmc.c:175:6:FSMC_NORSRAMInit	16	static
../Libraries/STM32F10x_StdPeriph_Driver/src/stm32f10x_fsmc.c:261:6:FSMC_NANDInit	32	static
../Libraries/STM32F10x_StdPeriph_Driver/src/stm32f10x_fsmc.c:327:6:FSMC_PCCARDInit	16	static
../Libraries/STM32F10x_StdPeriph_Driver/src/stm32f10x_fsmc.c:379:6:FSMC_NORSRAMStructInit	16	static
../Libraries/STM32F10x_StdPeriph_Driver/src/stm32f10x_fsmc.c:417:6:FSMC_NANDStructInit	16	static
../Libraries/STM32F10x_StdPeriph_Driver/src/stm32f10x_fsmc.c:443:6:FSMC_PCCARDStructInit	16	static
../Libraries/STM32F10x_StdPeriph_Driver/src/stm32f10x_fsmc.c:474:6:FSMC_NORSRAMCmd	16	static
../Libraries/STM32F10x_StdPeriph_Driver/src/stm32f10x_fsmc.c:500:6:FSMC_NANDCmd	16	static
../Libraries/STM32F10x_StdPeriph_Driver/src/stm32f10x_fsmc.c:537:6:FSMC_PCCARDCmd	16	static
../Libraries/STM32F10x_StdPeriph_Driver/src/stm32f10x_fsmc.c:563:6:FSMC_NANDECCCmd	16	static
../Libraries/STM32F10x_StdPeriph_Driver/src/stm32f10x_fsmc.c:602:10:FSMC_GetECC	24	static
../Libraries/STM32F10x_StdPeriph_Driver/src/stm32f10x_fsmc.c:636:6:FSMC_ITConfig	24	static
../Libraries/STM32F10x_StdPeriph_Driver/src/stm32f10x_fsmc.c:696:12:FSMC_GetFlagStatus	24	static
../Libraries/STM32F10x_StdPeriph_Driver/src/stm32f10x_fsmc.c:746:6:FSMC_ClearFlag	16	static
../Libraries/STM32F10x_StdPeriph_Driver/src/stm32f10x_fsmc.c:781:10:FSMC_GetITStatus	32	static
../Libraries/STM32F10x_StdPeriph_Driver/src/stm32f10x_fsmc.c:832:6:FSMC_ClearITPendingBit	16	static
