../Libraries/STM32F10x_StdPeriph_Driver/src/stm32f10x_cec.c:117:6:CEC_DeInit	8	static
../Libraries/STM32F10x_StdPeriph_Driver/src/stm32f10x_cec.c:134:6:CEC_Init	24	static
../Libraries/STM32F10x_StdPeriph_Driver/src/stm32f10x_cec.c:163:6:CEC_Cmd	16	static
../Libraries/STM32F10x_StdPeriph_Driver/src/stm32f10x_cec.c:185:6:CEC_ITConfig	16	static
../Libraries/STM32F10x_StdPeriph_Driver/src/stm32f10x_cec.c:198:6:CEC_OwnAddressConfig	16	static
../Libraries/STM32F10x_StdPeriph_Driver/src/stm32f10x_cec.c:212:6:CEC_SetPrescaler	16	static
../Libraries/STM32F10x_StdPeriph_Driver/src/stm32f10x_cec.c:226:6:CEC_SendDataByte	16	static
../Libraries/STM32F10x_StdPeriph_Driver/src/stm32f10x_cec.c:238:9:CEC_ReceiveDataByte	4	static
../Libraries/STM32F10x_StdPeriph_Driver/src/stm32f10x_cec.c:249:6:CEC_StartOfMessage	4	static
../Libraries/STM32F10x_StdPeriph_Driver/src/stm32f10x_cec.c:261:6:CEC_EndOfMessageCmd	16	static
../Libraries/STM32F10x_StdPeriph_Driver/src/stm32f10x_cec.c:290:12:CEC_GetFlagStatus	32	static
../Libraries/STM32F10x_StdPeriph_Driver/src/stm32f10x_cec.c:348:6:CEC_ClearFlag	24	static
../Libraries/STM32F10x_StdPeriph_Driver/src/stm32f10x_cec.c:371:10:CEC_GetITStatus	24	static
../Libraries/STM32F10x_StdPeriph_Driver/src/stm32f10x_cec.c:407:6:CEC_ClearITPendingBit	24	static
