../Libraries/STM32F10x_StdPeriph_Driver/src/stm32f10x_adc.c:178:6:ADC_DeInit	16	static
../Libraries/STM32F10x_StdPeriph_Driver/src/stm32f10x_adc.c:217:6:ADC_Init	24	static
../Libraries/STM32F10x_StdPeriph_Driver/src/stm32f10x_adc.c:274:6:ADC_StructInit	16	static
../Libraries/STM32F10x_StdPeriph_Driver/src/stm32f10x_adc.c:298:6:ADC_Cmd	16	static
../Libraries/STM32F10x_StdPeriph_Driver/src/stm32f10x_adc.c:323:6:ADC_DMACmd	16	static
../Libraries/STM32F10x_StdPeriph_Driver/src/stm32f10x_adc.c:352:6:ADC_ITConfig	24	static
../Libraries/STM32F10x_StdPeriph_Driver/src/stm32f10x_adc.c:378:6:ADC_ResetCalibration	16	static
../Libraries/STM32F10x_StdPeriph_Driver/src/stm32f10x_adc.c:391:12:ADC_GetResetCalibrationStatus	24	static
../Libraries/STM32F10x_StdPeriph_Driver/src/stm32f10x_adc.c:416:6:ADC_StartCalibration	16	static
../Libraries/STM32F10x_StdPeriph_Driver/src/stm32f10x_adc.c:429:12:ADC_GetCalibrationStatus	24	static
../Libraries/STM32F10x_StdPeriph_Driver/src/stm32f10x_adc.c:456:6:ADC_SoftwareStartConvCmd	16	static
../Libraries/STM32F10x_StdPeriph_Driver/src/stm32f10x_adc.c:480:12:ADC_GetSoftwareStartConvStatus	24	static
../Libraries/STM32F10x_StdPeriph_Driver/src/stm32f10x_adc.c:508:6:ADC_DiscModeChannelCountConfig	24	static
../Libraries/STM32F10x_StdPeriph_Driver/src/stm32f10x_adc.c:535:6:ADC_DiscModeCmd	16	static
../Libraries/STM32F10x_StdPeriph_Driver/src/stm32f10x_adc.c:589:6:ADC_RegularChannelConfig	24	static
../Libraries/STM32F10x_StdPeriph_Driver/src/stm32f10x_adc.c:685:6:ADC_ExternalTrigConvCmd	16	static
../Libraries/STM32F10x_StdPeriph_Driver/src/stm32f10x_adc.c:707:10:ADC_GetConversionValue	16	static
../Libraries/STM32F10x_StdPeriph_Driver/src/stm32f10x_adc.c:719:10:ADC_GetDualModeConversionValue	4	static
../Libraries/STM32F10x_StdPeriph_Driver/src/stm32f10x_adc.c:733:6:ADC_AutoInjectedConvCmd	16	static
../Libraries/STM32F10x_StdPeriph_Driver/src/stm32f10x_adc.c:759:6:ADC_InjectedDiscModeCmd	16	static
../Libraries/STM32F10x_StdPeriph_Driver/src/stm32f10x_adc.c:798:6:ADC_ExternalTrigInjectedConvConfig	24	static
../Libraries/STM32F10x_StdPeriph_Driver/src/stm32f10x_adc.c:823:6:ADC_ExternalTrigInjectedConvCmd	16	static
../Libraries/STM32F10x_StdPeriph_Driver/src/stm32f10x_adc.c:848:6:ADC_SoftwareStartInjectedConvCmd	16	static
../Libraries/STM32F10x_StdPeriph_Driver/src/stm32f10x_adc.c:872:12:ADC_GetSoftwareStartInjectedConvCmdStatus	24	static
../Libraries/STM32F10x_StdPeriph_Driver/src/stm32f10x_adc.c:929:6:ADC_InjectedChannelConfig	32	static
../Libraries/STM32F10x_StdPeriph_Driver/src/stm32f10x_adc.c:992:6:ADC_InjectedSequencerLengthConfig	24	static
../Libraries/STM32F10x_StdPeriph_Driver/src/stm32f10x_adc.c:1024:6:ADC_SetInjectedOffset	24	static
../Libraries/STM32F10x_StdPeriph_Driver/src/stm32f10x_adc.c:1051:10:ADC_GetInjectedConversionValue	24	static
../Libraries/STM32F10x_StdPeriph_Driver/src/stm32f10x_adc.c:1081:6:ADC_AnalogWatchdogCmd	24	static
../Libraries/STM32F10x_StdPeriph_Driver/src/stm32f10x_adc.c:1106:6:ADC_AnalogWatchdogThresholdsConfig	16	static
../Libraries/STM32F10x_StdPeriph_Driver/src/stm32f10x_adc.c:1144:6:ADC_AnalogWatchdogSingleChannelConfig	24	static
../Libraries/STM32F10x_StdPeriph_Driver/src/stm32f10x_adc.c:1166:6:ADC_TempSensorVrefintCmd	16	static
../Libraries/STM32F10x_StdPeriph_Driver/src/stm32f10x_adc.c:1194:12:ADC_GetFlagStatus	24	static
../Libraries/STM32F10x_StdPeriph_Driver/src/stm32f10x_adc.c:1227:6:ADC_ClearFlag	16	static
../Libraries/STM32F10x_StdPeriph_Driver/src/stm32f10x_adc.c:1246:10:ADC_GetITStatus	32	static
../Libraries/STM32F10x_StdPeriph_Driver/src/stm32f10x_adc.c:1282:6:ADC_ClearITPendingBit	24	static
