D:/microprocessor/hw/Microprocessor_HW/question_5/q5/Libraries/CMSIS/CM3/CoreSupport/core_cm3.h:1502:22:NVIC_EnableIRQ	16	static
D:/microprocessor/hw/Microprocessor_HW/question_5/q5/Libraries/CMSIS/CM3/CoreSupport/core_cm3.h:1586:22:NVIC_SetPriority	16	static
../Src/main.c:19:6:delay_10us	24	static
../Src/main.c:25:6:My_GPIO_Init	4	static
../Src/main.c:39:6:My_Timer_Init	4	static
../Src/main.c:60:6:ServoTIM2_SetAngle	24	static
../Src/main.c:72:6:ServoTIM1_SetAngle	24	static
../Src/main.c:84:6:My_EXTI_Init	8	static
../Src/main.c:103:6:My_SysTick_Init	4	static
../Src/main.c:109:6:My_USART1_Init	4	static
../Src/main.c:118:6:USART1_SendString	16	static
../Src/main.c:126:6:USART1_SendChar	16	static
../Src/main.c:131:6:seg_send	24	static
../Src/main.c:141:6:SysTick_Handler	4	static
../Src/main.c:156:6:EXTI3_IRQHandler	16	static
../Src/main.c:178:6:EXTI9_5_IRQHandler	16	static
../Src/main.c:203:5:main	32	static
