../Libraries/STM32F10x_StdPeriph_Driver/src/stm32f10x_dac.c:97:6:DAC_DeInit	8	static
../Libraries/STM32F10x_StdPeriph_Driver/src/stm32f10x_dac.c:116:6:DAC_Init	24	static
../Libraries/STM32F10x_StdPeriph_Driver/src/stm32f10x_dac.c:149:6:DAC_StructInit	16	static
../Libraries/STM32F10x_StdPeriph_Driver/src/stm32f10x_dac.c:172:6:DAC_Cmd	16	static
../Libraries/STM32F10x_StdPeriph_Driver/src/stm32f10x_dac.c:232:6:DAC_DMACmd	16	static
../Libraries/STM32F10x_StdPeriph_Driver/src/stm32f10x_dac.c:259:6:DAC_SoftwareTriggerCmd	16	static
../Libraries/STM32F10x_StdPeriph_Driver/src/stm32f10x_dac.c:283:6:DAC_DualSoftwareTriggerCmd	16	static
../Libraries/STM32F10x_StdPeriph_Driver/src/stm32f10x_dac.c:313:6:DAC_WaveGenerationCmd	24	static
../Libraries/STM32F10x_StdPeriph_Driver/src/stm32f10x_dac.c:341:6:DAC_SetChannel1Data	24	static
../Libraries/STM32F10x_StdPeriph_Driver/src/stm32f10x_dac.c:366:6:DAC_SetChannel2Data	24	static
../Libraries/STM32F10x_StdPeriph_Driver/src/stm32f10x_dac.c:395:6:DAC_SetDualChannelData	24	static
../Libraries/STM32F10x_StdPeriph_Driver/src/stm32f10x_dac.c:429:10:DAC_GetDataOutputValue	24	static
