../Libraries/STM32F10x_StdPeriph_Driver/src/stm32f10x_i2c.c:161:6:I2C_DeInit	16	static
../Libraries/STM32F10x_StdPeriph_Driver/src/stm32f10x_i2c.c:190:6:I2C_Init	48	static
../Libraries/STM32F10x_StdPeriph_Driver/src/stm32f10x_i2c.c:297:6:I2C_StructInit	16	static
../Libraries/STM32F10x_StdPeriph_Driver/src/stm32f10x_i2c.c:321:6:I2C_Cmd	16	static
../Libraries/STM32F10x_StdPeriph_Driver/src/stm32f10x_i2c.c:345:6:I2C_DMACmd	16	static
../Libraries/STM32F10x_StdPeriph_Driver/src/stm32f10x_i2c.c:369:6:I2C_DMALastTransferCmd	16	static
../Libraries/STM32F10x_StdPeriph_Driver/src/stm32f10x_i2c.c:393:6:I2C_GenerateSTART	16	static
../Libraries/STM32F10x_StdPeriph_Driver/src/stm32f10x_i2c.c:417:6:I2C_GenerateSTOP	16	static
../Libraries/STM32F10x_StdPeriph_Driver/src/stm32f10x_i2c.c:441:6:I2C_AcknowledgeConfig	16	static
../Libraries/STM32F10x_StdPeriph_Driver/src/stm32f10x_i2c.c:464:6:I2C_OwnAddress2Config	24	static
../Libraries/STM32F10x_StdPeriph_Driver/src/stm32f10x_i2c.c:491:6:I2C_DualAddressCmd	16	static
../Libraries/STM32F10x_StdPeriph_Driver/src/stm32f10x_i2c.c:515:6:I2C_GeneralCallCmd	16	static
../Libraries/STM32F10x_StdPeriph_Driver/src/stm32f10x_i2c.c:544:6:I2C_ITConfig	16	static
../Libraries/STM32F10x_StdPeriph_Driver/src/stm32f10x_i2c.c:569:6:I2C_SendData	16	static
../Libraries/STM32F10x_StdPeriph_Driver/src/stm32f10x_i2c.c:582:9:I2C_ReceiveData	16	static
../Libraries/STM32F10x_StdPeriph_Driver/src/stm32f10x_i2c.c:600:6:I2C_Send7bitAddress	16	static
../Libraries/STM32F10x_StdPeriph_Driver/src/stm32f10x_i2c.c:635:10:I2C_ReadRegister	24	static
../Libraries/STM32F10x_StdPeriph_Driver/src/stm32f10x_i2c.c:657:6:I2C_SoftwareResetCmd	16	static
../Libraries/STM32F10x_StdPeriph_Driver/src/stm32f10x_i2c.c:695:6:I2C_NACKPositionConfig	16	static
../Libraries/STM32F10x_StdPeriph_Driver/src/stm32f10x_i2c.c:723:6:I2C_SMBusAlertConfig	16	static
../Libraries/STM32F10x_StdPeriph_Driver/src/stm32f10x_i2c.c:747:6:I2C_TransmitPEC	16	static
../Libraries/STM32F10x_StdPeriph_Driver/src/stm32f10x_i2c.c:778:6:I2C_PECPositionConfig	16	static
../Libraries/STM32F10x_StdPeriph_Driver/src/stm32f10x_i2c.c:802:6:I2C_CalculatePEC	16	static
../Libraries/STM32F10x_StdPeriph_Driver/src/stm32f10x_i2c.c:824:9:I2C_GetPEC	16	static
../Libraries/STM32F10x_StdPeriph_Driver/src/stm32f10x_i2c.c:839:6:I2C_ARPCmd	16	static
../Libraries/STM32F10x_StdPeriph_Driver/src/stm32f10x_i2c.c:863:6:I2C_StretchClockCmd	16	static
../Libraries/STM32F10x_StdPeriph_Driver/src/stm32f10x_i2c.c:889:6:I2C_FastModeDutyCycleConfig	16	static
../Libraries/STM32F10x_StdPeriph_Driver/src/stm32f10x_i2c.c:1029:13:I2C_CheckEvent	32	static
../Libraries/STM32F10x_StdPeriph_Driver/src/stm32f10x_i2c.c:1077:10:I2C_GetLastEvent	32	static
../Libraries/STM32F10x_StdPeriph_Driver/src/stm32f10x_i2c.c:1132:12:I2C_GetFlagStatus	32	static
../Libraries/STM32F10x_StdPeriph_Driver/src/stm32f10x_i2c.c:1211:6:I2C_ClearFlag	24	static
../Libraries/STM32F10x_StdPeriph_Driver/src/stm32f10x_i2c.c:1245:10:I2C_GetITStatus	24	static
../Libraries/STM32F10x_StdPeriph_Driver/src/stm32f10x_i2c.c:1306:6:I2C_ClearITPendingBit	24	static
