../Libraries/STM32F10x_StdPeriph_Driver/src/stm32f10x_rcc.c:216:6:RCC_DeInit	4	static
../Libraries/STM32F10x_StdPeriph_Driver/src/stm32f10x_rcc.c:269:6:RCC_HSEConfig	16	static
../Libraries/STM32F10x_StdPeriph_Driver/src/stm32f10x_rcc.c:303:13:RCC_WaitForHSEStartUp	16	static
../Libraries/STM32F10x_StdPeriph_Driver/src/stm32f10x_rcc.c:333:6:RCC_AdjustHSICalibrationValue	24	static
../Libraries/STM32F10x_StdPeriph_Driver/src/stm32f10x_rcc.c:353:6:RCC_HSICmd	16	static
../Libraries/STM32F10x_StdPeriph_Driver/src/stm32f10x_rcc.c:377:6:RCC_PLLConfig	24	static
../Libraries/STM32F10x_StdPeriph_Driver/src/stm32f10x_rcc.c:400:6:RCC_PLLCmd	16	static
../Libraries/STM32F10x_StdPeriph_Driver/src/stm32f10x_rcc.c:563:6:RCC_SYSCLKConfig	24	static
../Libraries/STM32F10x_StdPeriph_Driver/src/stm32f10x_rcc.c:586:9:RCC_GetSYSCLKSource	4	static
../Libraries/STM32F10x_StdPeriph_Driver/src/stm32f10x_rcc.c:607:6:RCC_HCLKConfig	24	static
../Libraries/STM32F10x_StdPeriph_Driver/src/stm32f10x_rcc.c:633:6:RCC_PCLK1Config	24	static
../Libraries/STM32F10x_StdPeriph_Driver/src/stm32f10x_rcc.c:659:6:RCC_PCLK2Config	24	static
../Libraries/STM32F10x_StdPeriph_Driver/src/stm32f10x_rcc.c:699:6:RCC_ITConfig	16	static
../Libraries/STM32F10x_StdPeriph_Driver/src/stm32f10x_rcc.c:727:6:RCC_USBCLKConfig	16	static
../Libraries/STM32F10x_StdPeriph_Driver/src/stm32f10x_rcc.c:765:6:RCC_ADCCLKConfig	24	static
../Libraries/STM32F10x_StdPeriph_Driver/src/stm32f10x_rcc.c:829:6:RCC_LSEConfig	16	static
../Libraries/STM32F10x_StdPeriph_Driver/src/stm32f10x_rcc.c:862:6:RCC_LSICmd	16	static
../Libraries/STM32F10x_StdPeriph_Driver/src/stm32f10x_rcc.c:879:6:RCC_RTCCLKConfig	16	static
../Libraries/STM32F10x_StdPeriph_Driver/src/stm32f10x_rcc.c:893:6:RCC_RTCCLKCmd	16	static
../Libraries/STM32F10x_StdPeriph_Driver/src/stm32f10x_rcc.c:908:6:RCC_GetClocksFreq	32	static
../Libraries/STM32F10x_StdPeriph_Driver/src/stm32f10x_rcc.c:1064:6:RCC_AHBPeriphClockCmd	16	static
../Libraries/STM32F10x_StdPeriph_Driver/src/stm32f10x_rcc.c:1095:6:RCC_APB2PeriphClockCmd	16	static
../Libraries/STM32F10x_StdPeriph_Driver/src/stm32f10x_rcc.c:1126:6:RCC_APB1PeriphClockCmd	16	static
../Libraries/STM32F10x_StdPeriph_Driver/src/stm32f10x_rcc.c:1185:6:RCC_APB2PeriphResetCmd	16	static
../Libraries/STM32F10x_StdPeriph_Driver/src/stm32f10x_rcc.c:1216:6:RCC_APB1PeriphResetCmd	16	static
../Libraries/STM32F10x_StdPeriph_Driver/src/stm32f10x_rcc.c:1237:6:RCC_BackupResetCmd	16	static
../Libraries/STM32F10x_StdPeriph_Driver/src/stm32f10x_rcc.c:1250:6:RCC_ClockSecuritySystemCmd	16	static
../Libraries/STM32F10x_StdPeriph_Driver/src/stm32f10x_rcc.c:1282:6:RCC_MCOConfig	16	static
../Libraries/STM32F10x_StdPeriph_Driver/src/stm32f10x_rcc.c:1326:12:RCC_GetFlagStatus	32	static
../Libraries/STM32F10x_StdPeriph_Driver/src/stm32f10x_rcc.c:1371:6:RCC_ClearFlag	4	static
../Libraries/STM32F10x_StdPeriph_Driver/src/stm32f10x_rcc.c:1402:10:RCC_GetITStatus	24	static
../Libraries/STM32F10x_StdPeriph_Driver/src/stm32f10x_rcc.c:1448:6:RCC_ClearITPendingBit	16	static
