../Libraries/STM32F10x_StdPeriph_Driver/src/stm32f10x_sdio.c:160:6:SDIO_DeInit	4	static
../Libraries/STM32F10x_StdPeriph_Driver/src/stm32f10x_sdio.c:180:6:SDIO_Init	24	static
../Libraries/STM32F10x_StdPeriph_Driver/src/stm32f10x_sdio.c:218:6:SDIO_StructInit	16	static
../Libraries/STM32F10x_StdPeriph_Driver/src/stm32f10x_sdio.c:234:6:SDIO_ClockCmd	16	static
../Libraries/STM32F10x_StdPeriph_Driver/src/stm32f10x_sdio.c:250:6:SDIO_SetPowerState	16	static
../Libraries/STM32F10x_StdPeriph_Driver/src/stm32f10x_sdio.c:267:10:SDIO_GetPowerState	4	static
../Libraries/STM32F10x_StdPeriph_Driver/src/stm32f10x_sdio.c:305:6:SDIO_ITConfig	16	static
../Libraries/STM32F10x_StdPeriph_Driver/src/stm32f10x_sdio.c:329:6:SDIO_DMACmd	16	static
../Libraries/STM32F10x_StdPeriph_Driver/src/stm32f10x_sdio.c:344:6:SDIO_SendCommand	24	static
../Libraries/STM32F10x_StdPeriph_Driver/src/stm32f10x_sdio.c:380:6:SDIO_CmdStructInit	16	static
../Libraries/STM32F10x_StdPeriph_Driver/src/stm32f10x_sdio.c:395:9:SDIO_GetCommandResponse	4	static
../Libraries/STM32F10x_StdPeriph_Driver/src/stm32f10x_sdio.c:410:10:SDIO_GetResponse	24	static
../Libraries/STM32F10x_StdPeriph_Driver/src/stm32f10x_sdio.c:429:6:SDIO_DataConfig	24	static
../Libraries/STM32F10x_StdPeriph_Driver/src/stm32f10x_sdio.c:470:6:SDIO_DataStructInit	16	static
../Libraries/STM32F10x_StdPeriph_Driver/src/stm32f10x_sdio.c:486:10:SDIO_GetDataCounter	4	static
../Libraries/STM32F10x_StdPeriph_Driver/src/stm32f10x_sdio.c:496:10:SDIO_ReadData	4	static
../Libraries/STM32F10x_StdPeriph_Driver/src/stm32f10x_sdio.c:506:6:SDIO_WriteData	16	static
../Libraries/STM32F10x_StdPeriph_Driver/src/stm32f10x_sdio.c:516:10:SDIO_GetFIFOCount	4	static
../Libraries/STM32F10x_StdPeriph_Driver/src/stm32f10x_sdio.c:527:6:SDIO_StartSDIOReadWait	16	static
../Libraries/STM32F10x_StdPeriph_Driver/src/stm32f10x_sdio.c:541:6:SDIO_StopSDIOReadWait	16	static
../Libraries/STM32F10x_StdPeriph_Driver/src/stm32f10x_sdio.c:557:6:SDIO_SetSDIOReadWaitMode	16	static
../Libraries/STM32F10x_StdPeriph_Driver/src/stm32f10x_sdio.c:571:6:SDIO_SetSDIOOperation	16	static
../Libraries/STM32F10x_StdPeriph_Driver/src/stm32f10x_sdio.c:585:6:SDIO_SendSDIOSuspendCmd	16	static
../Libraries/STM32F10x_StdPeriph_Driver/src/stm32f10x_sdio.c:599:6:SDIO_CommandCompletionCmd	16	static
../Libraries/STM32F10x_StdPeriph_Driver/src/stm32f10x_sdio.c:612:6:SDIO_CEATAITCmd	16	static
../Libraries/STM32F10x_StdPeriph_Driver/src/stm32f10x_sdio.c:625:6:SDIO_SendCEATACmd	16	static
../Libraries/STM32F10x_StdPeriph_Driver/src/stm32f10x_sdio.c:664:12:SDIO_GetFlagStatus	24	static
../Libraries/STM32F10x_StdPeriph_Driver/src/stm32f10x_sdio.c:702:6:SDIO_ClearFlag	16	static
../Libraries/STM32F10x_StdPeriph_Driver/src/stm32f10x_sdio.c:741:10:SDIO_GetITStatus	24	static
../Libraries/STM32F10x_StdPeriph_Driver/src/stm32f10x_sdio.c:777:6:SDIO_ClearITPendingBit	16	static
