../Libraries/STM32F10x_StdPeriph_Driver/src/stm32f10x_tim.c:121:6:TIM_DeInit	16	static
../Libraries/STM32F10x_StdPeriph_Driver/src/stm32f10x_tim.c:225:6:TIM_TimeBaseInit	24	static
../Libraries/STM32F10x_StdPeriph_Driver/src/stm32f10x_tim.c:278:6:TIM_OC1Init	24	static
../Libraries/STM32F10x_StdPeriph_Driver/src/stm32f10x_tim.c:361:6:TIM_OC2Init	24	static
../Libraries/STM32F10x_StdPeriph_Driver/src/stm32f10x_tim.c:443:6:TIM_OC3Init	24	static
../Libraries/STM32F10x_StdPeriph_Driver/src/stm32f10x_tim.c:522:6:TIM_OC4Init	24	static
../Libraries/STM32F10x_StdPeriph_Driver/src/stm32f10x_tim.c:586:6:TIM_ICInit	16	static
../Libraries/STM32F10x_StdPeriph_Driver/src/stm32f10x_tim.c:653:6:TIM_PWMIConfig	24	static
../Libraries/STM32F10x_StdPeriph_Driver/src/stm32f10x_tim.c:711:6:TIM_BDTRConfig	16	static
../Libraries/STM32F10x_StdPeriph_Driver/src/stm32f10x_tim.c:735:6:TIM_TimeBaseStructInit	16	static
../Libraries/STM32F10x_StdPeriph_Driver/src/stm32f10x_tim.c:751:6:TIM_OCStructInit	16	static
../Libraries/STM32F10x_StdPeriph_Driver/src/stm32f10x_tim.c:770:6:TIM_ICStructInit	16	static
../Libraries/STM32F10x_StdPeriph_Driver/src/stm32f10x_tim.c:786:6:TIM_BDTRStructInit	16	static
../Libraries/STM32F10x_StdPeriph_Driver/src/stm32f10x_tim.c:805:6:TIM_Cmd	16	static
../Libraries/STM32F10x_StdPeriph_Driver/src/stm32f10x_tim.c:830:6:TIM_CtrlPWMOutputs	16	static
../Libraries/STM32F10x_StdPeriph_Driver/src/stm32f10x_tim.c:871:6:TIM_ITConfig	16	static
../Libraries/STM32F10x_StdPeriph_Driver/src/stm32f10x_tim.c:908:6:TIM_GenerateEvent	16	static
../Libraries/STM32F10x_StdPeriph_Driver/src/stm32f10x_tim.c:936:6:TIM_DMAConfig	16	static
../Libraries/STM32F10x_StdPeriph_Driver/src/stm32f10x_tim.c:963:6:TIM_DMACmd	16	static
../Libraries/STM32F10x_StdPeriph_Driver/src/stm32f10x_tim.c:988:6:TIM_InternalClockConfig	16	static
../Libraries/STM32F10x_StdPeriph_Driver/src/stm32f10x_tim.c:1007:6:TIM_ITRxExternalClockConfig	16	static
../Libraries/STM32F10x_StdPeriph_Driver/src/stm32f10x_tim.c:1034:6:TIM_TIxExternalClockConfig	24	static
../Libraries/STM32F10x_StdPeriph_Driver/src/stm32f10x_tim.c:1074:6:TIM_ETRClockMode1Config	32	static
../Libraries/STM32F10x_StdPeriph_Driver/src/stm32f10x_tim.c:1116:6:TIM_ETRClockMode2Config	24	static
../Libraries/STM32F10x_StdPeriph_Driver/src/stm32f10x_tim.c:1147:6:TIM_ETRConfig	32	static
../Libraries/STM32F10x_StdPeriph_Driver/src/stm32f10x_tim.c:1175:6:TIM_PrescalerConfig	16	static
../Libraries/STM32F10x_StdPeriph_Driver/src/stm32f10x_tim.c:1198:6:TIM_CounterModeConfig	24	static
../Libraries/STM32F10x_StdPeriph_Driver/src/stm32f10x_tim.c:1228:6:TIM_SelectInputTrigger	24	static
../Libraries/STM32F10x_StdPeriph_Driver/src/stm32f10x_tim.c:1263:6:TIM_EncoderInterfaceConfig	32	static
../Libraries/STM32F10x_StdPeriph_Driver/src/stm32f10x_tim.c:1314:6:TIM_ForcedOC1Config	24	static
../Libraries/STM32F10x_StdPeriph_Driver/src/stm32f10x_tim.c:1338:6:TIM_ForcedOC2Config	24	static
../Libraries/STM32F10x_StdPeriph_Driver/src/stm32f10x_tim.c:1362:6:TIM_ForcedOC3Config	24	static
../Libraries/STM32F10x_StdPeriph_Driver/src/stm32f10x_tim.c:1386:6:TIM_ForcedOC4Config	24	static
../Libraries/STM32F10x_StdPeriph_Driver/src/stm32f10x_tim.c:1408:6:TIM_ARRPreloadConfig	16	static
../Libraries/STM32F10x_StdPeriph_Driver/src/stm32f10x_tim.c:1432:6:TIM_SelectCOM	16	static
../Libraries/STM32F10x_StdPeriph_Driver/src/stm32f10x_tim.c:1457:6:TIM_SelectCCDMA	16	static
../Libraries/STM32F10x_StdPeriph_Driver/src/stm32f10x_tim.c:1482:6:TIM_CCPreloadControl	16	static
../Libraries/STM32F10x_StdPeriph_Driver/src/stm32f10x_tim.c:1508:6:TIM_OC1PreloadConfig	24	static
../Libraries/STM32F10x_StdPeriph_Driver/src/stm32f10x_tim.c:1533:6:TIM_OC2PreloadConfig	24	static
../Libraries/STM32F10x_StdPeriph_Driver/src/stm32f10x_tim.c:1557:6:TIM_OC3PreloadConfig	24	static
../Libraries/STM32F10x_StdPeriph_Driver/src/stm32f10x_tim.c:1581:6:TIM_OC4PreloadConfig	24	static
../Libraries/STM32F10x_StdPeriph_Driver/src/stm32f10x_tim.c:1605:6:TIM_OC1FastConfig	24	static
../Libraries/STM32F10x_StdPeriph_Driver/src/stm32f10x_tim.c:1631:6:TIM_OC2FastConfig	24	static
../Libraries/STM32F10x_StdPeriph_Driver/src/stm32f10x_tim.c:1656:6:TIM_OC3FastConfig	24	static
../Libraries/STM32F10x_StdPeriph_Driver/src/stm32f10x_tim.c:1681:6:TIM_OC4FastConfig	24	static
../Libraries/STM32F10x_StdPeriph_Driver/src/stm32f10x_tim.c:1706:6:TIM_ClearOC1Ref	24	static
../Libraries/STM32F10x_StdPeriph_Driver/src/stm32f10x_tim.c:1732:6:TIM_ClearOC2Ref	24	static
../Libraries/STM32F10x_StdPeriph_Driver/src/stm32f10x_tim.c:1756:6:TIM_ClearOC3Ref	24	static
../Libraries/STM32F10x_StdPeriph_Driver/src/stm32f10x_tim.c:1780:6:TIM_ClearOC4Ref	24	static
../Libraries/STM32F10x_StdPeriph_Driver/src/stm32f10x_tim.c:1804:6:TIM_OC1PolarityConfig	24	static
../Libraries/STM32F10x_StdPeriph_Driver/src/stm32f10x_tim.c:1827:6:TIM_OC1NPolarityConfig	24	static
../Libraries/STM32F10x_StdPeriph_Driver/src/stm32f10x_tim.c:1851:6:TIM_OC2PolarityConfig	24	static
../Libraries/STM32F10x_StdPeriph_Driver/src/stm32f10x_tim.c:1874:6:TIM_OC2NPolarityConfig	24	static
../Libraries/STM32F10x_StdPeriph_Driver/src/stm32f10x_tim.c:1898:6:TIM_OC3PolarityConfig	24	static
../Libraries/STM32F10x_StdPeriph_Driver/src/stm32f10x_tim.c:1921:6:TIM_OC3NPolarityConfig	24	static
../Libraries/STM32F10x_StdPeriph_Driver/src/stm32f10x_tim.c:1946:6:TIM_OC4PolarityConfig	24	static
../Libraries/STM32F10x_StdPeriph_Driver/src/stm32f10x_tim.c:1973:6:TIM_CCxCmd	24	static
../Libraries/STM32F10x_StdPeriph_Driver/src/stm32f10x_tim.c:2003:6:TIM_CCxNCmd	24	static
../Libraries/STM32F10x_StdPeriph_Driver/src/stm32f10x_tim.c:2044:6:TIM_SelectOCxM	24	static
../Libraries/STM32F10x_StdPeriph_Driver/src/stm32f10x_tim.c:2091:6:TIM_UpdateDisableConfig	16	static
../Libraries/STM32F10x_StdPeriph_Driver/src/stm32f10x_tim.c:2119:6:TIM_UpdateRequestConfig	16	static
../Libraries/STM32F10x_StdPeriph_Driver/src/stm32f10x_tim.c:2143:6:TIM_SelectHallSensor	16	static
../Libraries/STM32F10x_StdPeriph_Driver/src/stm32f10x_tim.c:2169:6:TIM_SelectOnePulseMode	16	static
../Libraries/STM32F10x_StdPeriph_Driver/src/stm32f10x_tim.c:2201:6:TIM_SelectOutputTrigger	16	static
../Libraries/STM32F10x_StdPeriph_Driver/src/stm32f10x_tim.c:2224:6:TIM_SelectSlaveMode	16	static
../Libraries/STM32F10x_StdPeriph_Driver/src/stm32f10x_tim.c:2245:6:TIM_SelectMasterSlaveMode	16	static
../Libraries/STM32F10x_StdPeriph_Driver/src/stm32f10x_tim.c:2263:6:TIM_SetCounter	16	static
../Libraries/STM32F10x_StdPeriph_Driver/src/stm32f10x_tim.c:2277:6:TIM_SetAutoreload	16	static
../Libraries/STM32F10x_StdPeriph_Driver/src/stm32f10x_tim.c:2291:6:TIM_SetCompare1	16	static
../Libraries/STM32F10x_StdPeriph_Driver/src/stm32f10x_tim.c:2305:6:TIM_SetCompare2	16	static
../Libraries/STM32F10x_StdPeriph_Driver/src/stm32f10x_tim.c:2319:6:TIM_SetCompare3	16	static
../Libraries/STM32F10x_StdPeriph_Driver/src/stm32f10x_tim.c:2333:6:TIM_SetCompare4	16	static
../Libraries/STM32F10x_StdPeriph_Driver/src/stm32f10x_tim.c:2352:6:TIM_SetIC1Prescaler	16	static
../Libraries/STM32F10x_StdPeriph_Driver/src/stm32f10x_tim.c:2374:6:TIM_SetIC2Prescaler	16	static
../Libraries/STM32F10x_StdPeriph_Driver/src/stm32f10x_tim.c:2396:6:TIM_SetIC3Prescaler	16	static
../Libraries/STM32F10x_StdPeriph_Driver/src/stm32f10x_tim.c:2418:6:TIM_SetIC4Prescaler	16	static
../Libraries/STM32F10x_StdPeriph_Driver/src/stm32f10x_tim.c:2440:6:TIM_SetClockDivision	16	static
../Libraries/STM32F10x_StdPeriph_Driver/src/stm32f10x_tim.c:2456:10:TIM_GetCapture1	16	static
../Libraries/STM32F10x_StdPeriph_Driver/src/stm32f10x_tim.c:2469:10:TIM_GetCapture2	16	static
../Libraries/STM32F10x_StdPeriph_Driver/src/stm32f10x_tim.c:2482:10:TIM_GetCapture3	16	static
../Libraries/STM32F10x_StdPeriph_Driver/src/stm32f10x_tim.c:2495:10:TIM_GetCapture4	16	static
../Libraries/STM32F10x_StdPeriph_Driver/src/stm32f10x_tim.c:2508:10:TIM_GetCounter	16	static
../Libraries/STM32F10x_StdPeriph_Driver/src/stm32f10x_tim.c:2521:10:TIM_GetPrescaler	16	static
../Libraries/STM32F10x_StdPeriph_Driver/src/stm32f10x_tim.c:2555:12:TIM_GetFlagStatus	24	static
../Libraries/STM32F10x_StdPeriph_Driver/src/stm32f10x_tim.c:2599:6:TIM_ClearFlag	16	static
../Libraries/STM32F10x_StdPeriph_Driver/src/stm32f10x_tim.c:2631:10:TIM_GetITStatus	24	static
../Libraries/STM32F10x_StdPeriph_Driver/src/stm32f10x_tim.c:2675:6:TIM_ClearITPendingBit	16	static
../Libraries/STM32F10x_StdPeriph_Driver/src/stm32f10x_tim.c:2700:13:TI1_Config	32	static
../Libraries/STM32F10x_StdPeriph_Driver/src/stm32f10x_tim.c:2747:13:TI2_Config	32	static
../Libraries/STM32F10x_StdPeriph_Driver/src/stm32f10x_tim.c:2796:13:TI3_Config	32	static
../Libraries/STM32F10x_StdPeriph_Driver/src/stm32f10x_tim.c:2844:13:TI4_Config	32	static
